Test test!!!!
Test test!!!!
Test test!!!!
